ubuntu@ip-10-8-15-129:~$ mysql -u admin -p -h ud-secondary.cptqghrpkxuw.us-west-2.rds.amazonaws.com -P 3306
Enter password: 
Welcome to the MySQL monitor.  Commands end with ; or \g.
Your MySQL connection id is 31
Server version: 8.0.28 Source distribution

Copyright (c) 2000, 2022, Oracle and/or its affiliates.

Oracle is a registered trademark of Oracle Corporation and/or its
affiliates. Other names may be trademarks of their respective
owners.

Type 'help;' or '\h' for help. Type '\c' to clear the current input statement.

mysql> SHOW databases;
+--------------------+
| Database           |
+--------------------+
| information_schema |
| mysql              |
| performance_schema |
| sys                |
| udacity            |
+--------------------+
5 rows in set (0.00 sec)

mysql> USE udacity;
Reading table information for completion of table and column names
You can turn off this feature to get a quicker startup with -A

Database changed
mysql> SHOW tables;
+-------------------+
| Tables_in_udacity |
+-------------------+
| Persons           |
+-------------------+
1 row in set (0.00 sec)

mysql> SELECT * FROM Persons;
+----------+----------+-----------+---------+---------+
| PersonID | LastName | FirstName | Address | City    |
+----------+----------+-----------+---------+---------+
|        1 | Moustafa | Ahmed     | Zagazig | Sharkia |
+----------+----------+-----------+---------+---------+
1 row in set (0.00 sec)

mysql> INSERT INTO Persons VALUES (2, 'Ibrahim', 'Mohammed', 'Cairo', 'Cairo');
ERROR 1290 (HY000): The MySQL server is running with the --read-only option so it cannot execute this statement
mysql> 

